I'm sorry, but errors were detected in your script. Please correct the
errors listed below, and try again.


File "game/script.rpy", line 16: invalid syntax
        renpy.return  
                    ^
    

Ren'Py Version: Ren'Py 6.17.7.521
